CRITICAL - 2025-12-02 15:23:37 --> ErrorException: finfo_file(C:\Users\MyBook Hype AMD\AppData\Local\Temp\php2987.tmp): Failed to open stream: No such file or directory
[Method: POST, Route: admin/user/insertdata]
in SYSTEMPATH\Files\File.php on line 137.
 1 [internal function]: CodeIgniter\Debug\Exceptions->errorHandler(2, 'finfo_file(C:\\Users\\MyBook Hype AMD\\AppData\\Local\\Temp\\php2987.tmp): Failed to open stream: No such file or directory', 'D:\\laragon\\www\\learnhub\\system\\Files\\File.php', 137)
 2 SYSTEMPATH\Files\File.php(137): finfo_file(Object(finfo), 'C:\\Users\\MyBook Hype AMD\\AppData\\Local\\Temp\\php2987.tmp')
 3 SYSTEMPATH\HTTP\Files\UploadedFile.php(318): CodeIgniter\Files\File->getMimeType()
 4 SYSTEMPATH\HTTP\Files\UploadedFile.php(305): CodeIgniter\HTTP\Files\UploadedFile->guessExtension()
 5 SYSTEMPATH\Validation\StrictRules\FileRules.php(148): CodeIgniter\HTTP\Files\UploadedFile->getExtension()
 6 SYSTEMPATH\Validation\Validation.php(336): CodeIgniter\Validation\StrictRules\FileRules->is_image('1764689017_96290a8c78e432fa6685.png', [], [...], null, 'foto')
 7 SYSTEMPATH\Validation\Validation.php(201): CodeIgniter\Validation\Validation->processRules('foto', 'foto', '1764689017_96290a8c78e432fa6685.png', [...], [...], 'foto')
 8 SYSTEMPATH\BaseModel.php(1570): CodeIgniter\Validation\Validation->run([...], null, null)
 9 SYSTEMPATH\BaseModel.php(807): CodeIgniter\BaseModel->validate([...])
10 SYSTEMPATH\Model.php(797): CodeIgniter\BaseModel->insert([...], true)
11 APPPATH\Controllers\Admin\UserController.php(59): CodeIgniter\Model->insert([...])
12 SYSTEMPATH\CodeIgniter.php(933): App\Controllers\Admin\UserController->InsertData()
13 SYSTEMPATH\CodeIgniter.php(507): CodeIgniter\CodeIgniter->runController(Object(App\Controllers\Admin\UserController))
14 SYSTEMPATH\CodeIgniter.php(354): CodeIgniter\CodeIgniter->handleRequest(null, Object(Config\Cache), false)
15 SYSTEMPATH\Boot.php(363): CodeIgniter\CodeIgniter->run()
16 SYSTEMPATH\Boot.php(68): CodeIgniter\Boot::runCodeIgniter(Object(CodeIgniter\CodeIgniter))
17 FCPATH\index.php(59): CodeIgniter\Boot::bootWeb(Object(Config\Paths))
CRITICAL - 2025-12-02 15:23:43 --> ErrorException: finfo_file(C:\Users\MyBook Hype AMD\AppData\Local\Temp\php3E39.tmp): Failed to open stream: No such file or directory
[Method: POST, Route: admin/user/insertdata]
in SYSTEMPATH\Files\File.php on line 137.
 1 [internal function]: CodeIgniter\Debug\Exceptions->errorHandler(2, 'finfo_file(C:\\Users\\MyBook Hype AMD\\AppData\\Local\\Temp\\php3E39.tmp): Failed to open stream: No such file or directory', 'D:\\laragon\\www\\learnhub\\system\\Files\\File.php', 137)
 2 SYSTEMPATH\Files\File.php(137): finfo_file(Object(finfo), 'C:\\Users\\MyBook Hype AMD\\AppData\\Local\\Temp\\php3E39.tmp')
 3 SYSTEMPATH\HTTP\Files\UploadedFile.php(318): CodeIgniter\Files\File->getMimeType()
 4 SYSTEMPATH\HTTP\Files\UploadedFile.php(305): CodeIgniter\HTTP\Files\UploadedFile->guessExtension()
 5 SYSTEMPATH\Validation\StrictRules\FileRules.php(148): CodeIgniter\HTTP\Files\UploadedFile->getExtension()
 6 SYSTEMPATH\Validation\Validation.php(336): CodeIgniter\Validation\StrictRules\FileRules->is_image('1764689022_eda1e622dc0eab07ce36.png', [], [...], null, 'foto')
 7 SYSTEMPATH\Validation\Validation.php(201): CodeIgniter\Validation\Validation->processRules('foto', 'foto', '1764689022_eda1e622dc0eab07ce36.png', [...], [...], 'foto')
 8 SYSTEMPATH\BaseModel.php(1570): CodeIgniter\Validation\Validation->run([...], null, null)
 9 SYSTEMPATH\BaseModel.php(807): CodeIgniter\BaseModel->validate([...])
10 SYSTEMPATH\Model.php(797): CodeIgniter\BaseModel->insert([...], true)
11 APPPATH\Controllers\Admin\UserController.php(59): CodeIgniter\Model->insert([...])
12 SYSTEMPATH\CodeIgniter.php(933): App\Controllers\Admin\UserController->InsertData()
13 SYSTEMPATH\CodeIgniter.php(507): CodeIgniter\CodeIgniter->runController(Object(App\Controllers\Admin\UserController))
14 SYSTEMPATH\CodeIgniter.php(354): CodeIgniter\CodeIgniter->handleRequest(null, Object(Config\Cache), false)
15 SYSTEMPATH\Boot.php(363): CodeIgniter\CodeIgniter->run()
16 SYSTEMPATH\Boot.php(68): CodeIgniter\Boot::runCodeIgniter(Object(CodeIgniter\CodeIgniter))
17 FCPATH\index.php(59): CodeIgniter\Boot::bootWeb(Object(Config\Paths))
CRITICAL - 2025-12-02 15:28:14 --> ErrorException: finfo_file(C:\Users\MyBook Hype AMD\AppData\Local\Temp\php61DC.tmp): Failed to open stream: No such file or directory
[Method: POST, Route: admin/user/insertdata]
in SYSTEMPATH\Files\File.php on line 137.
 1 [internal function]: CodeIgniter\Debug\Exceptions->errorHandler(2, 'finfo_file(C:\\Users\\MyBook Hype AMD\\AppData\\Local\\Temp\\php61DC.tmp): Failed to open stream: No such file or directory', 'D:\\laragon\\www\\learnhub\\system\\Files\\File.php', 137)
 2 SYSTEMPATH\Files\File.php(137): finfo_file(Object(finfo), 'C:\\Users\\MyBook Hype AMD\\AppData\\Local\\Temp\\php61DC.tmp')
 3 SYSTEMPATH\HTTP\Files\UploadedFile.php(318): CodeIgniter\Files\File->getMimeType()
 4 SYSTEMPATH\HTTP\Files\UploadedFile.php(305): CodeIgniter\HTTP\Files\UploadedFile->guessExtension()
 5 SYSTEMPATH\Validation\StrictRules\FileRules.php(148): CodeIgniter\HTTP\Files\UploadedFile->getExtension()
 6 SYSTEMPATH\Validation\Validation.php(336): CodeIgniter\Validation\StrictRules\FileRules->is_image('1764689294_5511cd3e53e0acd06a6c.png', [], [...], null, 'foto')
 7 SYSTEMPATH\Validation\Validation.php(201): CodeIgniter\Validation\Validation->processRules('foto', 'foto', '1764689294_5511cd3e53e0acd06a6c.png', [...], [...], 'foto')
 8 SYSTEMPATH\BaseModel.php(1570): CodeIgniter\Validation\Validation->run([...], null, null)
 9 SYSTEMPATH\BaseModel.php(807): CodeIgniter\BaseModel->validate([...])
10 SYSTEMPATH\Model.php(797): CodeIgniter\BaseModel->insert([...], true)
11 APPPATH\Controllers\Admin\UserController.php(58): CodeIgniter\Model->insert([...])
12 SYSTEMPATH\CodeIgniter.php(933): App\Controllers\Admin\UserController->InsertData()
13 SYSTEMPATH\CodeIgniter.php(507): CodeIgniter\CodeIgniter->runController(Object(App\Controllers\Admin\UserController))
14 SYSTEMPATH\CodeIgniter.php(354): CodeIgniter\CodeIgniter->handleRequest(null, Object(Config\Cache), false)
15 SYSTEMPATH\Boot.php(363): CodeIgniter\CodeIgniter->run()
16 SYSTEMPATH\Boot.php(68): CodeIgniter\Boot::runCodeIgniter(Object(CodeIgniter\CodeIgniter))
17 FCPATH\index.php(59): CodeIgniter\Boot::bootWeb(Object(Config\Paths))
CRITICAL - 2025-12-02 15:29:30 --> TypeError: CodeIgniter\Validation\StrictRules\FileRules::is_image(): Argument #1 ($blank) must be of type ?string, CodeIgniter\HTTP\Files\UploadedFile given, called in D:\laragon\www\learnhub\system\Validation\Validation.php on line 336
[Method: POST, Route: admin/user/insertdata]
in SYSTEMPATH\Validation\StrictRules\FileRules.php on line 125.
 1 SYSTEMPATH\Validation\Validation.php(336): CodeIgniter\Validation\StrictRules\FileRules->is_image(Object(CodeIgniter\HTTP\Files\UploadedFile), 'foto', [...], null, 'foto')
 2 SYSTEMPATH\Validation\Validation.php(201): CodeIgniter\Validation\Validation->processRules('foto', 'foto', Object(CodeIgniter\HTTP\Files\UploadedFile), [...], [...], 'foto')
 3 SYSTEMPATH\BaseModel.php(1570): CodeIgniter\Validation\Validation->run([...], null, null)
 4 SYSTEMPATH\BaseModel.php(807): CodeIgniter\BaseModel->validate([...])
 5 SYSTEMPATH\Model.php(797): CodeIgniter\BaseModel->insert([...], true)
 6 APPPATH\Controllers\Admin\UserController.php(56): CodeIgniter\Model->insert([...])
 7 SYSTEMPATH\CodeIgniter.php(933): App\Controllers\Admin\UserController->InsertData()
 8 SYSTEMPATH\CodeIgniter.php(507): CodeIgniter\CodeIgniter->runController(Object(App\Controllers\Admin\UserController))
 9 SYSTEMPATH\CodeIgniter.php(354): CodeIgniter\CodeIgniter->handleRequest(null, Object(Config\Cache), false)
10 SYSTEMPATH\Boot.php(363): CodeIgniter\CodeIgniter->run()
11 SYSTEMPATH\Boot.php(68): CodeIgniter\Boot::runCodeIgniter(Object(CodeIgniter\CodeIgniter))
12 FCPATH\index.php(59): CodeIgniter\Boot::bootWeb(Object(Config\Paths))
CRITICAL - 2025-12-02 15:29:58 --> TypeError: CodeIgniter\Validation\StrictRules\FileRules::is_image(): Argument #1 ($blank) must be of type ?string, CodeIgniter\HTTP\Files\UploadedFile given, called in D:\laragon\www\learnhub\system\Validation\Validation.php on line 336
[Method: POST, Route: admin/user/insertdata]
in SYSTEMPATH\Validation\StrictRules\FileRules.php on line 125.
 1 SYSTEMPATH\Validation\Validation.php(336): CodeIgniter\Validation\StrictRules\FileRules->is_image(Object(CodeIgniter\HTTP\Files\UploadedFile), 'foto', [...], null, 'foto')
 2 SYSTEMPATH\Validation\Validation.php(201): CodeIgniter\Validation\Validation->processRules('foto', 'foto', Object(CodeIgniter\HTTP\Files\UploadedFile), [...], [...], 'foto')
 3 SYSTEMPATH\BaseModel.php(1570): CodeIgniter\Validation\Validation->run([...], null, null)
 4 SYSTEMPATH\BaseModel.php(807): CodeIgniter\BaseModel->validate([...])
 5 SYSTEMPATH\Model.php(797): CodeIgniter\BaseModel->insert([...], true)
 6 APPPATH\Controllers\Admin\UserController.php(56): CodeIgniter\Model->insert([...])
 7 SYSTEMPATH\CodeIgniter.php(933): App\Controllers\Admin\UserController->InsertData()
 8 SYSTEMPATH\CodeIgniter.php(507): CodeIgniter\CodeIgniter->runController(Object(App\Controllers\Admin\UserController))
 9 SYSTEMPATH\CodeIgniter.php(354): CodeIgniter\CodeIgniter->handleRequest(null, Object(Config\Cache), false)
10 SYSTEMPATH\Boot.php(363): CodeIgniter\CodeIgniter->run()
11 SYSTEMPATH\Boot.php(68): CodeIgniter\Boot::runCodeIgniter(Object(CodeIgniter\CodeIgniter))
12 FCPATH\index.php(59): CodeIgniter\Boot::bootWeb(Object(Config\Paths))
CRITICAL - 2025-12-02 15:33:30 --> ErrorException: finfo_file(C:\Users\MyBook Hype AMD\AppData\Local\Temp\php33E1.tmp): Failed to open stream: No such file or directory
[Method: POST, Route: admin/user/insertdata]
in SYSTEMPATH\Files\File.php on line 137.
 1 [internal function]: CodeIgniter\Debug\Exceptions->errorHandler(2, 'finfo_file(C:\\Users\\MyBook Hype AMD\\AppData\\Local\\Temp\\php33E1.tmp): Failed to open stream: No such file or directory', 'D:\\laragon\\www\\learnhub\\system\\Files\\File.php', 137)
 2 SYSTEMPATH\Files\File.php(137): finfo_file(Object(finfo), 'C:\\Users\\MyBook Hype AMD\\AppData\\Local\\Temp\\php33E1.tmp')
 3 SYSTEMPATH\HTTP\Files\UploadedFile.php(318): CodeIgniter\Files\File->getMimeType()
 4 SYSTEMPATH\HTTP\Files\UploadedFile.php(305): CodeIgniter\HTTP\Files\UploadedFile->guessExtension()
 5 SYSTEMPATH\Validation\StrictRules\FileRules.php(148): CodeIgniter\HTTP\Files\UploadedFile->getExtension()
 6 SYSTEMPATH\Validation\Validation.php(336): CodeIgniter\Validation\StrictRules\FileRules->is_image('1764689610_1343b1c210094a15ee94.png', [], [...], null, 'foto')
 7 SYSTEMPATH\Validation\Validation.php(201): CodeIgniter\Validation\Validation->processRules('foto', 'foto', '1764689610_1343b1c210094a15ee94.png', [...], [...], 'foto')
 8 SYSTEMPATH\BaseModel.php(1570): CodeIgniter\Validation\Validation->run([...], null, null)
 9 SYSTEMPATH\BaseModel.php(807): CodeIgniter\BaseModel->validate([...])
10 SYSTEMPATH\Model.php(797): CodeIgniter\BaseModel->insert([...], true)
11 APPPATH\Controllers\Admin\UserController.php(74): CodeIgniter\Model->insert([...])
12 SYSTEMPATH\CodeIgniter.php(933): App\Controllers\Admin\UserController->InsertData()
13 SYSTEMPATH\CodeIgniter.php(507): CodeIgniter\CodeIgniter->runController(Object(App\Controllers\Admin\UserController))
14 SYSTEMPATH\CodeIgniter.php(354): CodeIgniter\CodeIgniter->handleRequest(null, Object(Config\Cache), false)
15 SYSTEMPATH\Boot.php(363): CodeIgniter\CodeIgniter->run()
16 SYSTEMPATH\Boot.php(68): CodeIgniter\Boot::runCodeIgniter(Object(CodeIgniter\CodeIgniter))
17 FCPATH\index.php(59): CodeIgniter\Boot::bootWeb(Object(Config\Paths))
CRITICAL - 2025-12-02 15:33:51 --> ErrorException: finfo_file(C:\Users\MyBook Hype AMD\AppData\Local\Temp\php88C8.tmp): Failed to open stream: No such file or directory
[Method: POST, Route: admin/user/insertdata]
in SYSTEMPATH\Files\File.php on line 137.
 1 [internal function]: CodeIgniter\Debug\Exceptions->errorHandler(2, 'finfo_file(C:\\Users\\MyBook Hype AMD\\AppData\\Local\\Temp\\php88C8.tmp): Failed to open stream: No such file or directory', 'D:\\laragon\\www\\learnhub\\system\\Files\\File.php', 137)
 2 SYSTEMPATH\Files\File.php(137): finfo_file(Object(finfo), 'C:\\Users\\MyBook Hype AMD\\AppData\\Local\\Temp\\php88C8.tmp')
 3 SYSTEMPATH\HTTP\Files\UploadedFile.php(318): CodeIgniter\Files\File->getMimeType()
 4 SYSTEMPATH\HTTP\Files\UploadedFile.php(305): CodeIgniter\HTTP\Files\UploadedFile->guessExtension()
 5 SYSTEMPATH\Validation\StrictRules\FileRules.php(148): CodeIgniter\HTTP\Files\UploadedFile->getExtension()
 6 SYSTEMPATH\Validation\Validation.php(336): CodeIgniter\Validation\StrictRules\FileRules->is_image('1764689631_8407d9933f7da204b563.png', [], [...], null, 'foto')
 7 SYSTEMPATH\Validation\Validation.php(201): CodeIgniter\Validation\Validation->processRules('foto', 'foto', '1764689631_8407d9933f7da204b563.png', [...], [...], 'foto')
 8 SYSTEMPATH\BaseModel.php(1570): CodeIgniter\Validation\Validation->run([...], null, null)
 9 SYSTEMPATH\BaseModel.php(807): CodeIgniter\BaseModel->validate([...])
10 SYSTEMPATH\Model.php(797): CodeIgniter\BaseModel->insert([...], true)
11 APPPATH\Controllers\Admin\UserController.php(74): CodeIgniter\Model->insert([...])
12 SYSTEMPATH\CodeIgniter.php(933): App\Controllers\Admin\UserController->InsertData()
13 SYSTEMPATH\CodeIgniter.php(507): CodeIgniter\CodeIgniter->runController(Object(App\Controllers\Admin\UserController))
14 SYSTEMPATH\CodeIgniter.php(354): CodeIgniter\CodeIgniter->handleRequest(null, Object(Config\Cache), false)
15 SYSTEMPATH\Boot.php(363): CodeIgniter\CodeIgniter->run()
16 SYSTEMPATH\Boot.php(68): CodeIgniter\Boot::runCodeIgniter(Object(CodeIgniter\CodeIgniter))
17 FCPATH\index.php(59): CodeIgniter\Boot::bootWeb(Object(Config\Paths))
