CRITICAL - 2025-10-26 14:11:28 --> ErrorException: Undefined array key "nama_admin"
[Method: GET, Route: admin/guru]
in APPPATH\Views\dashboard_admin\guru\v_index.php on line 39.
 1 APPPATH\Views\dashboard_admin\guru\v_index.php(39): CodeIgniter\Debug\Exceptions->errorHandler(2, 'Undefined array key "nama_admin"', 'D:\\laragon\\www\\learnhub\\app\\Views\\dashboard_admin\\guru\\v_index.php', 39)
 2 SYSTEMPATH\View\View.php(226): include('D:\\laragon\\www\\learnhub\\app\\Views\\dashboard_admin\\guru\\v_index.php')
 3 SYSTEMPATH\View\View.php(229): CodeIgniter\View\View->CodeIgniter\View\{closure}()
 4 SYSTEMPATH\Common.php(1167): CodeIgniter\View\View->render('dashboard_admin/guru/v_index', [], true)
 5 APPPATH\Views\v_template_admin.php(179): view('dashboard_admin/guru/v_index')
 6 SYSTEMPATH\View\View.php(226): include('D:\\laragon\\www\\learnhub\\app\\Views\\v_template_admin.php')
 7 SYSTEMPATH\View\View.php(229): CodeIgniter\View\View->CodeIgniter\View\{closure}()
 8 SYSTEMPATH\Common.php(1167): CodeIgniter\View\View->render('v_template_admin', [], true)
 9 APPPATH\Controllers\Admin\GuruController.php(25): view('v_template_admin', [...])
10 SYSTEMPATH\CodeIgniter.php(933): App\Controllers\Admin\GuruController->index()
11 SYSTEMPATH\CodeIgniter.php(507): CodeIgniter\CodeIgniter->runController(Object(App\Controllers\Admin\GuruController))
12 SYSTEMPATH\CodeIgniter.php(354): CodeIgniter\CodeIgniter->handleRequest(null, Object(Config\Cache), false)
13 SYSTEMPATH\Boot.php(363): CodeIgniter\CodeIgniter->run()
14 SYSTEMPATH\Boot.php(68): CodeIgniter\Boot::runCodeIgniter(Object(CodeIgniter\CodeIgniter))
15 FCPATH\index.php(59): CodeIgniter\Boot::bootWeb(Object(Config\Paths))
CRITICAL - 2025-10-26 14:12:34 --> ErrorException: Undefined array key "email"
[Method: GET, Route: admin/guru]
in APPPATH\Views\dashboard_admin\guru\v_index.php on line 40.
 1 APPPATH\Views\dashboard_admin\guru\v_index.php(40): CodeIgniter\Debug\Exceptions->errorHandler(2, 'Undefined array key "email"', 'D:\\laragon\\www\\learnhub\\app\\Views\\dashboard_admin\\guru\\v_index.php', 40)
 2 SYSTEMPATH\View\View.php(226): include('D:\\laragon\\www\\learnhub\\app\\Views\\dashboard_admin\\guru\\v_index.php')
 3 SYSTEMPATH\View\View.php(229): CodeIgniter\View\View->CodeIgniter\View\{closure}()
 4 SYSTEMPATH\Common.php(1167): CodeIgniter\View\View->render('dashboard_admin/guru/v_index', [], true)
 5 APPPATH\Views\v_template_admin.php(179): view('dashboard_admin/guru/v_index')
 6 SYSTEMPATH\View\View.php(226): include('D:\\laragon\\www\\learnhub\\app\\Views\\v_template_admin.php')
 7 SYSTEMPATH\View\View.php(229): CodeIgniter\View\View->CodeIgniter\View\{closure}()
 8 SYSTEMPATH\Common.php(1167): CodeIgniter\View\View->render('v_template_admin', [], true)
 9 APPPATH\Controllers\Admin\GuruController.php(25): view('v_template_admin', [...])
10 SYSTEMPATH\CodeIgniter.php(933): App\Controllers\Admin\GuruController->index()
11 SYSTEMPATH\CodeIgniter.php(507): CodeIgniter\CodeIgniter->runController(Object(App\Controllers\Admin\GuruController))
12 SYSTEMPATH\CodeIgniter.php(354): CodeIgniter\CodeIgniter->handleRequest(null, Object(Config\Cache), false)
13 SYSTEMPATH\Boot.php(363): CodeIgniter\CodeIgniter->run()
14 SYSTEMPATH\Boot.php(68): CodeIgniter\Boot::runCodeIgniter(Object(CodeIgniter\CodeIgniter))
15 FCPATH\index.php(59): CodeIgniter\Boot::bootWeb(Object(Config\Paths))
CRITICAL - 2025-10-26 14:12:35 --> ErrorException: Undefined array key "email"
[Method: GET, Route: admin/guru]
in APPPATH\Views\dashboard_admin\guru\v_index.php on line 40.
 1 APPPATH\Views\dashboard_admin\guru\v_index.php(40): CodeIgniter\Debug\Exceptions->errorHandler(2, 'Undefined array key "email"', 'D:\\laragon\\www\\learnhub\\app\\Views\\dashboard_admin\\guru\\v_index.php', 40)
 2 SYSTEMPATH\View\View.php(226): include('D:\\laragon\\www\\learnhub\\app\\Views\\dashboard_admin\\guru\\v_index.php')
 3 SYSTEMPATH\View\View.php(229): CodeIgniter\View\View->CodeIgniter\View\{closure}()
 4 SYSTEMPATH\Common.php(1167): CodeIgniter\View\View->render('dashboard_admin/guru/v_index', [], true)
 5 APPPATH\Views\v_template_admin.php(179): view('dashboard_admin/guru/v_index')
 6 SYSTEMPATH\View\View.php(226): include('D:\\laragon\\www\\learnhub\\app\\Views\\v_template_admin.php')
 7 SYSTEMPATH\View\View.php(229): CodeIgniter\View\View->CodeIgniter\View\{closure}()
 8 SYSTEMPATH\Common.php(1167): CodeIgniter\View\View->render('v_template_admin', [], true)
 9 APPPATH\Controllers\Admin\GuruController.php(25): view('v_template_admin', [...])
10 SYSTEMPATH\CodeIgniter.php(933): App\Controllers\Admin\GuruController->index()
11 SYSTEMPATH\CodeIgniter.php(507): CodeIgniter\CodeIgniter->runController(Object(App\Controllers\Admin\GuruController))
12 SYSTEMPATH\CodeIgniter.php(354): CodeIgniter\CodeIgniter->handleRequest(null, Object(Config\Cache), false)
13 SYSTEMPATH\Boot.php(363): CodeIgniter\CodeIgniter->run()
14 SYSTEMPATH\Boot.php(68): CodeIgniter\Boot::runCodeIgniter(Object(CodeIgniter\CodeIgniter))
15 FCPATH\index.php(59): CodeIgniter\Boot::bootWeb(Object(Config\Paths))
CRITICAL - 2025-10-26 14:14:33 --> ErrorException: Undefined array key "email"
[Method: GET, Route: admin/guru]
in APPPATH\Views\dashboard_admin\guru\v_index.php on line 40.
 1 APPPATH\Views\dashboard_admin\guru\v_index.php(40): CodeIgniter\Debug\Exceptions->errorHandler(2, 'Undefined array key "email"', 'D:\\laragon\\www\\learnhub\\app\\Views\\dashboard_admin\\guru\\v_index.php', 40)
 2 SYSTEMPATH\View\View.php(226): include('D:\\laragon\\www\\learnhub\\app\\Views\\dashboard_admin\\guru\\v_index.php')
 3 SYSTEMPATH\View\View.php(229): CodeIgniter\View\View->CodeIgniter\View\{closure}()
 4 SYSTEMPATH\Common.php(1167): CodeIgniter\View\View->render('dashboard_admin/guru/v_index', [], true)
 5 APPPATH\Views\v_template_admin.php(179): view('dashboard_admin/guru/v_index')
 6 SYSTEMPATH\View\View.php(226): include('D:\\laragon\\www\\learnhub\\app\\Views\\v_template_admin.php')
 7 SYSTEMPATH\View\View.php(229): CodeIgniter\View\View->CodeIgniter\View\{closure}()
 8 SYSTEMPATH\Common.php(1167): CodeIgniter\View\View->render('v_template_admin', [], true)
 9 APPPATH\Controllers\Admin\GuruController.php(25): view('v_template_admin', [...])
10 SYSTEMPATH\CodeIgniter.php(933): App\Controllers\Admin\GuruController->index()
11 SYSTEMPATH\CodeIgniter.php(507): CodeIgniter\CodeIgniter->runController(Object(App\Controllers\Admin\GuruController))
12 SYSTEMPATH\CodeIgniter.php(354): CodeIgniter\CodeIgniter->handleRequest(null, Object(Config\Cache), false)
13 SYSTEMPATH\Boot.php(363): CodeIgniter\CodeIgniter->run()
14 SYSTEMPATH\Boot.php(68): CodeIgniter\Boot::runCodeIgniter(Object(CodeIgniter\CodeIgniter))
15 FCPATH\index.php(59): CodeIgniter\Boot::bootWeb(Object(Config\Paths))
CRITICAL - 2025-10-26 14:14:35 --> ErrorException: Undefined array key "email"
[Method: GET, Route: admin/guru]
in APPPATH\Views\dashboard_admin\guru\v_index.php on line 40.
 1 APPPATH\Views\dashboard_admin\guru\v_index.php(40): CodeIgniter\Debug\Exceptions->errorHandler(2, 'Undefined array key "email"', 'D:\\laragon\\www\\learnhub\\app\\Views\\dashboard_admin\\guru\\v_index.php', 40)
 2 SYSTEMPATH\View\View.php(226): include('D:\\laragon\\www\\learnhub\\app\\Views\\dashboard_admin\\guru\\v_index.php')
 3 SYSTEMPATH\View\View.php(229): CodeIgniter\View\View->CodeIgniter\View\{closure}()
 4 SYSTEMPATH\Common.php(1167): CodeIgniter\View\View->render('dashboard_admin/guru/v_index', [], true)
 5 APPPATH\Views\v_template_admin.php(179): view('dashboard_admin/guru/v_index')
 6 SYSTEMPATH\View\View.php(226): include('D:\\laragon\\www\\learnhub\\app\\Views\\v_template_admin.php')
 7 SYSTEMPATH\View\View.php(229): CodeIgniter\View\View->CodeIgniter\View\{closure}()
 8 SYSTEMPATH\Common.php(1167): CodeIgniter\View\View->render('v_template_admin', [], true)
 9 APPPATH\Controllers\Admin\GuruController.php(25): view('v_template_admin', [...])
10 SYSTEMPATH\CodeIgniter.php(933): App\Controllers\Admin\GuruController->index()
11 SYSTEMPATH\CodeIgniter.php(507): CodeIgniter\CodeIgniter->runController(Object(App\Controllers\Admin\GuruController))
12 SYSTEMPATH\CodeIgniter.php(354): CodeIgniter\CodeIgniter->handleRequest(null, Object(Config\Cache), false)
13 SYSTEMPATH\Boot.php(363): CodeIgniter\CodeIgniter->run()
14 SYSTEMPATH\Boot.php(68): CodeIgniter\Boot::runCodeIgniter(Object(CodeIgniter\CodeIgniter))
15 FCPATH\index.php(59): CodeIgniter\Boot::bootWeb(Object(Config\Paths))
CRITICAL - 2025-10-26 14:15:48 --> ErrorException: Undefined array key "email"
[Method: GET, Route: admin/guru]
in APPPATH\Views\dashboard_admin\guru\v_index.php on line 40.
 1 APPPATH\Views\dashboard_admin\guru\v_index.php(40): CodeIgniter\Debug\Exceptions->errorHandler(2, 'Undefined array key "email"', 'D:\\laragon\\www\\learnhub\\app\\Views\\dashboard_admin\\guru\\v_index.php', 40)
 2 SYSTEMPATH\View\View.php(226): include('D:\\laragon\\www\\learnhub\\app\\Views\\dashboard_admin\\guru\\v_index.php')
 3 SYSTEMPATH\View\View.php(229): CodeIgniter\View\View->CodeIgniter\View\{closure}()
 4 SYSTEMPATH\Common.php(1167): CodeIgniter\View\View->render('dashboard_admin/guru/v_index', [], true)
 5 APPPATH\Views\v_template_admin.php(179): view('dashboard_admin/guru/v_index')
 6 SYSTEMPATH\View\View.php(226): include('D:\\laragon\\www\\learnhub\\app\\Views\\v_template_admin.php')
 7 SYSTEMPATH\View\View.php(229): CodeIgniter\View\View->CodeIgniter\View\{closure}()
 8 SYSTEMPATH\Common.php(1167): CodeIgniter\View\View->render('v_template_admin', [], true)
 9 APPPATH\Controllers\Admin\GuruController.php(25): view('v_template_admin', [...])
10 SYSTEMPATH\CodeIgniter.php(933): App\Controllers\Admin\GuruController->index()
11 SYSTEMPATH\CodeIgniter.php(507): CodeIgniter\CodeIgniter->runController(Object(App\Controllers\Admin\GuruController))
12 SYSTEMPATH\CodeIgniter.php(354): CodeIgniter\CodeIgniter->handleRequest(null, Object(Config\Cache), false)
13 SYSTEMPATH\Boot.php(363): CodeIgniter\CodeIgniter->run()
14 SYSTEMPATH\Boot.php(68): CodeIgniter\Boot::runCodeIgniter(Object(CodeIgniter\CodeIgniter))
15 FCPATH\index.php(59): CodeIgniter\Boot::bootWeb(Object(Config\Paths))
CRITICAL - 2025-10-26 14:15:49 --> ErrorException: Undefined array key "email"
[Method: GET, Route: admin/guru]
in APPPATH\Views\dashboard_admin\guru\v_index.php on line 40.
 1 APPPATH\Views\dashboard_admin\guru\v_index.php(40): CodeIgniter\Debug\Exceptions->errorHandler(2, 'Undefined array key "email"', 'D:\\laragon\\www\\learnhub\\app\\Views\\dashboard_admin\\guru\\v_index.php', 40)
 2 SYSTEMPATH\View\View.php(226): include('D:\\laragon\\www\\learnhub\\app\\Views\\dashboard_admin\\guru\\v_index.php')
 3 SYSTEMPATH\View\View.php(229): CodeIgniter\View\View->CodeIgniter\View\{closure}()
 4 SYSTEMPATH\Common.php(1167): CodeIgniter\View\View->render('dashboard_admin/guru/v_index', [], true)
 5 APPPATH\Views\v_template_admin.php(179): view('dashboard_admin/guru/v_index')
 6 SYSTEMPATH\View\View.php(226): include('D:\\laragon\\www\\learnhub\\app\\Views\\v_template_admin.php')
 7 SYSTEMPATH\View\View.php(229): CodeIgniter\View\View->CodeIgniter\View\{closure}()
 8 SYSTEMPATH\Common.php(1167): CodeIgniter\View\View->render('v_template_admin', [], true)
 9 APPPATH\Controllers\Admin\GuruController.php(25): view('v_template_admin', [...])
10 SYSTEMPATH\CodeIgniter.php(933): App\Controllers\Admin\GuruController->index()
11 SYSTEMPATH\CodeIgniter.php(507): CodeIgniter\CodeIgniter->runController(Object(App\Controllers\Admin\GuruController))
12 SYSTEMPATH\CodeIgniter.php(354): CodeIgniter\CodeIgniter->handleRequest(null, Object(Config\Cache), false)
13 SYSTEMPATH\Boot.php(363): CodeIgniter\CodeIgniter->run()
14 SYSTEMPATH\Boot.php(68): CodeIgniter\Boot::runCodeIgniter(Object(CodeIgniter\CodeIgniter))
15 FCPATH\index.php(59): CodeIgniter\Boot::bootWeb(Object(Config\Paths))
CRITICAL - 2025-10-26 14:15:50 --> ErrorException: Undefined array key "email"
[Method: GET, Route: admin/guru]
in APPPATH\Views\dashboard_admin\guru\v_index.php on line 40.
 1 APPPATH\Views\dashboard_admin\guru\v_index.php(40): CodeIgniter\Debug\Exceptions->errorHandler(2, 'Undefined array key "email"', 'D:\\laragon\\www\\learnhub\\app\\Views\\dashboard_admin\\guru\\v_index.php', 40)
 2 SYSTEMPATH\View\View.php(226): include('D:\\laragon\\www\\learnhub\\app\\Views\\dashboard_admin\\guru\\v_index.php')
 3 SYSTEMPATH\View\View.php(229): CodeIgniter\View\View->CodeIgniter\View\{closure}()
 4 SYSTEMPATH\Common.php(1167): CodeIgniter\View\View->render('dashboard_admin/guru/v_index', [], true)
 5 APPPATH\Views\v_template_admin.php(179): view('dashboard_admin/guru/v_index')
 6 SYSTEMPATH\View\View.php(226): include('D:\\laragon\\www\\learnhub\\app\\Views\\v_template_admin.php')
 7 SYSTEMPATH\View\View.php(229): CodeIgniter\View\View->CodeIgniter\View\{closure}()
 8 SYSTEMPATH\Common.php(1167): CodeIgniter\View\View->render('v_template_admin', [], true)
 9 APPPATH\Controllers\Admin\GuruController.php(25): view('v_template_admin', [...])
10 SYSTEMPATH\CodeIgniter.php(933): App\Controllers\Admin\GuruController->index()
11 SYSTEMPATH\CodeIgniter.php(507): CodeIgniter\CodeIgniter->runController(Object(App\Controllers\Admin\GuruController))
12 SYSTEMPATH\CodeIgniter.php(354): CodeIgniter\CodeIgniter->handleRequest(null, Object(Config\Cache), false)
13 SYSTEMPATH\Boot.php(363): CodeIgniter\CodeIgniter->run()
14 SYSTEMPATH\Boot.php(68): CodeIgniter\Boot::runCodeIgniter(Object(CodeIgniter\CodeIgniter))
15 FCPATH\index.php(59): CodeIgniter\Boot::bootWeb(Object(Config\Paths))
CRITICAL - 2025-10-26 14:15:51 --> ErrorException: Undefined array key "email"
[Method: GET, Route: admin/guru]
in APPPATH\Views\dashboard_admin\guru\v_index.php on line 40.
 1 APPPATH\Views\dashboard_admin\guru\v_index.php(40): CodeIgniter\Debug\Exceptions->errorHandler(2, 'Undefined array key "email"', 'D:\\laragon\\www\\learnhub\\app\\Views\\dashboard_admin\\guru\\v_index.php', 40)
 2 SYSTEMPATH\View\View.php(226): include('D:\\laragon\\www\\learnhub\\app\\Views\\dashboard_admin\\guru\\v_index.php')
 3 SYSTEMPATH\View\View.php(229): CodeIgniter\View\View->CodeIgniter\View\{closure}()
 4 SYSTEMPATH\Common.php(1167): CodeIgniter\View\View->render('dashboard_admin/guru/v_index', [], true)
 5 APPPATH\Views\v_template_admin.php(179): view('dashboard_admin/guru/v_index')
 6 SYSTEMPATH\View\View.php(226): include('D:\\laragon\\www\\learnhub\\app\\Views\\v_template_admin.php')
 7 SYSTEMPATH\View\View.php(229): CodeIgniter\View\View->CodeIgniter\View\{closure}()
 8 SYSTEMPATH\Common.php(1167): CodeIgniter\View\View->render('v_template_admin', [], true)
 9 APPPATH\Controllers\Admin\GuruController.php(25): view('v_template_admin', [...])
10 SYSTEMPATH\CodeIgniter.php(933): App\Controllers\Admin\GuruController->index()
11 SYSTEMPATH\CodeIgniter.php(507): CodeIgniter\CodeIgniter->runController(Object(App\Controllers\Admin\GuruController))
12 SYSTEMPATH\CodeIgniter.php(354): CodeIgniter\CodeIgniter->handleRequest(null, Object(Config\Cache), false)
13 SYSTEMPATH\Boot.php(363): CodeIgniter\CodeIgniter->run()
14 SYSTEMPATH\Boot.php(68): CodeIgniter\Boot::runCodeIgniter(Object(CodeIgniter\CodeIgniter))
15 FCPATH\index.php(59): CodeIgniter\Boot::bootWeb(Object(Config\Paths))
CRITICAL - 2025-10-26 14:16:15 --> ErrorException: Undefined array key "email"
[Method: GET, Route: admin/guru]
in APPPATH\Views\dashboard_admin\guru\v_index.php on line 40.
 1 APPPATH\Views\dashboard_admin\guru\v_index.php(40): CodeIgniter\Debug\Exceptions->errorHandler(2, 'Undefined array key "email"', 'D:\\laragon\\www\\learnhub\\app\\Views\\dashboard_admin\\guru\\v_index.php', 40)
 2 SYSTEMPATH\View\View.php(226): include('D:\\laragon\\www\\learnhub\\app\\Views\\dashboard_admin\\guru\\v_index.php')
 3 SYSTEMPATH\View\View.php(229): CodeIgniter\View\View->CodeIgniter\View\{closure}()
 4 SYSTEMPATH\Common.php(1167): CodeIgniter\View\View->render('dashboard_admin/guru/v_index', [], true)
 5 APPPATH\Views\v_template_admin.php(179): view('dashboard_admin/guru/v_index')
 6 SYSTEMPATH\View\View.php(226): include('D:\\laragon\\www\\learnhub\\app\\Views\\v_template_admin.php')
 7 SYSTEMPATH\View\View.php(229): CodeIgniter\View\View->CodeIgniter\View\{closure}()
 8 SYSTEMPATH\Common.php(1167): CodeIgniter\View\View->render('v_template_admin', [], true)
 9 APPPATH\Controllers\Admin\GuruController.php(25): view('v_template_admin', [...])
10 SYSTEMPATH\CodeIgniter.php(933): App\Controllers\Admin\GuruController->index()
11 SYSTEMPATH\CodeIgniter.php(507): CodeIgniter\CodeIgniter->runController(Object(App\Controllers\Admin\GuruController))
12 SYSTEMPATH\CodeIgniter.php(354): CodeIgniter\CodeIgniter->handleRequest(null, Object(Config\Cache), false)
13 SYSTEMPATH\Boot.php(363): CodeIgniter\CodeIgniter->run()
14 SYSTEMPATH\Boot.php(68): CodeIgniter\Boot::runCodeIgniter(Object(CodeIgniter\CodeIgniter))
15 FCPATH\index.php(59): CodeIgniter\Boot::bootWeb(Object(Config\Paths))
