ERROR - 2025-11-29 02:58:17 --> mysqli_sql_exception: Column 'nama_kelas' cannot be null in D:\laragon\www\learnhub\system\Database\MySQLi\Connection.php:327
Stack trace:
#0 D:\laragon\www\learnhub\system\Database\MySQLi\Connection.php(327): mysqli->query('INSERT INTO `tb...', 0)
#1 D:\laragon\www\learnhub\system\Database\BaseConnection.php(729): CodeIgniter\Database\MySQLi\Connection->execute('INSERT INTO `tb...')
#2 D:\laragon\www\learnhub\system\Database\BaseConnection.php(646): CodeIgniter\Database\BaseConnection->simpleQuery('INSERT INTO `tb...')
#3 D:\laragon\www\learnhub\system\Database\BaseBuilder.php(2345): CodeIgniter\Database\BaseConnection->query('INSERT INTO `tb...', Array, false)
#4 D:\laragon\www\learnhub\system\Model.php(394): CodeIgniter\Database\BaseBuilder->insert()
#5 D:\laragon\www\learnhub\system\BaseModel.php(838): CodeIgniter\Model->doInsert(Array)
#6 D:\laragon\www\learnhub\system\Model.php(797): CodeIgniter\BaseModel->insert(Array, true)
#7 D:\laragon\www\learnhub\app\Controllers\Admin\KelasController.php(53): CodeIgniter\Model->insert(Array)
#8 D:\laragon\www\learnhub\system\CodeIgniter.php(933): App\Controllers\Admin\KelasController->InsertData()
#9 D:\laragon\www\learnhub\system\CodeIgniter.php(507): CodeIgniter\CodeIgniter->runController(Object(App\Controllers\Admin\KelasController))
#10 D:\laragon\www\learnhub\system\CodeIgniter.php(354): CodeIgniter\CodeIgniter->handleRequest(NULL, Object(Config\Cache), false)
#11 D:\laragon\www\learnhub\system\Boot.php(363): CodeIgniter\CodeIgniter->run()
#12 D:\laragon\www\learnhub\system\Boot.php(68): CodeIgniter\Boot::runCodeIgniter(Object(CodeIgniter\CodeIgniter))
#13 D:\laragon\www\learnhub\public\index.php(59): CodeIgniter\Boot::bootWeb(Object(Config\Paths))
#14 {main}
CRITICAL - 2025-11-29 02:58:17 --> CodeIgniter\Database\Exceptions\DatabaseException: Column 'nama_kelas' cannot be null
[Method: POST, Route: admin/kelas/insertdata]
in SYSTEMPATH\Database\BaseConnection.php on line 684.
 1 SYSTEMPATH\Database\BaseBuilder.php(2345): CodeIgniter\Database\BaseConnection->query('INSERT INTO `tb_kelas` (`nama_kelas`, `id_tingkat`) VALUES (:nama_kelas:, :id_tingkat:)', [...], false)
 2 SYSTEMPATH\Model.php(394): CodeIgniter\Database\BaseBuilder->insert()
 3 SYSTEMPATH\BaseModel.php(838): CodeIgniter\Model->doInsert([...])
 4 SYSTEMPATH\Model.php(797): CodeIgniter\BaseModel->insert([...], true)
 5 APPPATH\Controllers\Admin\KelasController.php(53): CodeIgniter\Model->insert([...])
 6 SYSTEMPATH\CodeIgniter.php(933): App\Controllers\Admin\KelasController->InsertData()
 7 SYSTEMPATH\CodeIgniter.php(507): CodeIgniter\CodeIgniter->runController(Object(App\Controllers\Admin\KelasController))
 8 SYSTEMPATH\CodeIgniter.php(354): CodeIgniter\CodeIgniter->handleRequest(null, Object(Config\Cache), false)
 9 SYSTEMPATH\Boot.php(363): CodeIgniter\CodeIgniter->run()
10 SYSTEMPATH\Boot.php(68): CodeIgniter\Boot::runCodeIgniter(Object(CodeIgniter\CodeIgniter))
11 FCPATH\index.php(59): CodeIgniter\Boot::bootWeb(Object(Config\Paths))
CRITICAL - 2025-11-29 02:58:17 --> [Caused by] CodeIgniter\Database\Exceptions\DatabaseException: Column 'nama_kelas' cannot be null
in SYSTEMPATH\Database\MySQLi\Connection.php on line 332.
 1 SYSTEMPATH\Database\BaseConnection.php(729): CodeIgniter\Database\MySQLi\Connection->execute('INSERT INTO `tb_kelas` (`nama_kelas`, `id_tingkat`) VALUES (NULL, \'1\')')
 2 SYSTEMPATH\Database\BaseConnection.php(646): CodeIgniter\Database\BaseConnection->simpleQuery('INSERT INTO `tb_kelas` (`nama_kelas`, `id_tingkat`) VALUES (NULL, \'1\')')
 3 SYSTEMPATH\Database\BaseBuilder.php(2345): CodeIgniter\Database\BaseConnection->query('INSERT INTO `tb_kelas` (`nama_kelas`, `id_tingkat`) VALUES (:nama_kelas:, :id_tingkat:)', [...], false)
 4 SYSTEMPATH\Model.php(394): CodeIgniter\Database\BaseBuilder->insert()
 5 SYSTEMPATH\BaseModel.php(838): CodeIgniter\Model->doInsert([...])
 6 SYSTEMPATH\Model.php(797): CodeIgniter\BaseModel->insert([...], true)
 7 APPPATH\Controllers\Admin\KelasController.php(53): CodeIgniter\Model->insert([...])
 8 SYSTEMPATH\CodeIgniter.php(933): App\Controllers\Admin\KelasController->InsertData()
 9 SYSTEMPATH\CodeIgniter.php(507): CodeIgniter\CodeIgniter->runController(Object(App\Controllers\Admin\KelasController))
10 SYSTEMPATH\CodeIgniter.php(354): CodeIgniter\CodeIgniter->handleRequest(null, Object(Config\Cache), false)
11 SYSTEMPATH\Boot.php(363): CodeIgniter\CodeIgniter->run()
12 SYSTEMPATH\Boot.php(68): CodeIgniter\Boot::runCodeIgniter(Object(CodeIgniter\CodeIgniter))
13 FCPATH\index.php(59): CodeIgniter\Boot::bootWeb(Object(Config\Paths))
CRITICAL - 2025-11-29 02:58:17 --> [Caused by] mysqli_sql_exception: Column 'nama_kelas' cannot be null
in SYSTEMPATH\Database\MySQLi\Connection.php on line 327.
 1 SYSTEMPATH\Database\MySQLi\Connection.php(327): mysqli->query('INSERT INTO `tb_kelas` (`nama_kelas`, `id_tingkat`) VALUES (NULL, \'1\')', 0)
 2 SYSTEMPATH\Database\BaseConnection.php(729): CodeIgniter\Database\MySQLi\Connection->execute('INSERT INTO `tb_kelas` (`nama_kelas`, `id_tingkat`) VALUES (NULL, \'1\')')
 3 SYSTEMPATH\Database\BaseConnection.php(646): CodeIgniter\Database\BaseConnection->simpleQuery('INSERT INTO `tb_kelas` (`nama_kelas`, `id_tingkat`) VALUES (NULL, \'1\')')
 4 SYSTEMPATH\Database\BaseBuilder.php(2345): CodeIgniter\Database\BaseConnection->query('INSERT INTO `tb_kelas` (`nama_kelas`, `id_tingkat`) VALUES (:nama_kelas:, :id_tingkat:)', [...], false)
 5 SYSTEMPATH\Model.php(394): CodeIgniter\Database\BaseBuilder->insert()
 6 SYSTEMPATH\BaseModel.php(838): CodeIgniter\Model->doInsert([...])
 7 SYSTEMPATH\Model.php(797): CodeIgniter\BaseModel->insert([...], true)
 8 APPPATH\Controllers\Admin\KelasController.php(53): CodeIgniter\Model->insert([...])
 9 SYSTEMPATH\CodeIgniter.php(933): App\Controllers\Admin\KelasController->InsertData()
10 SYSTEMPATH\CodeIgniter.php(507): CodeIgniter\CodeIgniter->runController(Object(App\Controllers\Admin\KelasController))
11 SYSTEMPATH\CodeIgniter.php(354): CodeIgniter\CodeIgniter->handleRequest(null, Object(Config\Cache), false)
12 SYSTEMPATH\Boot.php(363): CodeIgniter\CodeIgniter->run()
13 SYSTEMPATH\Boot.php(68): CodeIgniter\Boot::runCodeIgniter(Object(CodeIgniter\CodeIgniter))
14 FCPATH\index.php(59): CodeIgniter\Boot::bootWeb(Object(Config\Paths))
CRITICAL - 2025-11-29 03:16:30 --> ErrorException: Undefined variable $value
[Method: GET, Route: admin/kelas]
in APPPATH\Views\dashboard_admin\kelas\v_index.php on line 31.
 1 APPPATH\Views\dashboard_admin\kelas\v_index.php(31): CodeIgniter\Debug\Exceptions->errorHandler(2, 'Undefined variable $value', 'D:\\laragon\\www\\learnhub\\app\\Views\\dashboard_admin\\kelas\\v_index.php', 31)
 2 SYSTEMPATH\View\View.php(226): include('D:\\laragon\\www\\learnhub\\app\\Views\\dashboard_admin\\kelas\\v_index.php')
 3 SYSTEMPATH\View\View.php(229): CodeIgniter\View\View->CodeIgniter\View\{closure}()
 4 SYSTEMPATH\Common.php(1167): CodeIgniter\View\View->render('dashboard_admin/kelas/v_index', [], true)
 5 APPPATH\Views\v_template_admin.php(179): view('dashboard_admin/kelas/v_index')
 6 SYSTEMPATH\View\View.php(226): include('D:\\laragon\\www\\learnhub\\app\\Views\\v_template_admin.php')
 7 SYSTEMPATH\View\View.php(229): CodeIgniter\View\View->CodeIgniter\View\{closure}()
 8 SYSTEMPATH\Common.php(1167): CodeIgniter\View\View->render('v_template_admin', [], true)
 9 APPPATH\Controllers\Admin\KelasController.php(30): view('v_template_admin', [...])
10 SYSTEMPATH\CodeIgniter.php(933): App\Controllers\Admin\KelasController->index()
11 SYSTEMPATH\CodeIgniter.php(507): CodeIgniter\CodeIgniter->runController(Object(App\Controllers\Admin\KelasController))
12 SYSTEMPATH\CodeIgniter.php(354): CodeIgniter\CodeIgniter->handleRequest(null, Object(Config\Cache), false)
13 SYSTEMPATH\Boot.php(363): CodeIgniter\CodeIgniter->run()
14 SYSTEMPATH\Boot.php(68): CodeIgniter\Boot::runCodeIgniter(Object(CodeIgniter\CodeIgniter))
15 FCPATH\index.php(59): CodeIgniter\Boot::bootWeb(Object(Config\Paths))
CRITICAL - 2025-11-29 03:16:35 --> ErrorException: Undefined variable $value
[Method: GET, Route: admin/kelas]
in APPPATH\Views\dashboard_admin\kelas\v_index.php on line 31.
 1 APPPATH\Views\dashboard_admin\kelas\v_index.php(31): CodeIgniter\Debug\Exceptions->errorHandler(2, 'Undefined variable $value', 'D:\\laragon\\www\\learnhub\\app\\Views\\dashboard_admin\\kelas\\v_index.php', 31)
 2 SYSTEMPATH\View\View.php(226): include('D:\\laragon\\www\\learnhub\\app\\Views\\dashboard_admin\\kelas\\v_index.php')
 3 SYSTEMPATH\View\View.php(229): CodeIgniter\View\View->CodeIgniter\View\{closure}()
 4 SYSTEMPATH\Common.php(1167): CodeIgniter\View\View->render('dashboard_admin/kelas/v_index', [], true)
 5 APPPATH\Views\v_template_admin.php(179): view('dashboard_admin/kelas/v_index')
 6 SYSTEMPATH\View\View.php(226): include('D:\\laragon\\www\\learnhub\\app\\Views\\v_template_admin.php')
 7 SYSTEMPATH\View\View.php(229): CodeIgniter\View\View->CodeIgniter\View\{closure}()
 8 SYSTEMPATH\Common.php(1167): CodeIgniter\View\View->render('v_template_admin', [], true)
 9 APPPATH\Controllers\Admin\KelasController.php(30): view('v_template_admin', [...])
10 SYSTEMPATH\CodeIgniter.php(933): App\Controllers\Admin\KelasController->index()
11 SYSTEMPATH\CodeIgniter.php(507): CodeIgniter\CodeIgniter->runController(Object(App\Controllers\Admin\KelasController))
12 SYSTEMPATH\CodeIgniter.php(354): CodeIgniter\CodeIgniter->handleRequest(null, Object(Config\Cache), false)
13 SYSTEMPATH\Boot.php(363): CodeIgniter\CodeIgniter->run()
14 SYSTEMPATH\Boot.php(68): CodeIgniter\Boot::runCodeIgniter(Object(CodeIgniter\CodeIgniter))
15 FCPATH\index.php(59): CodeIgniter\Boot::bootWeb(Object(Config\Paths))
CRITICAL - 2025-11-29 03:19:12 --> ErrorException: Undefined variable $value
[Method: GET, Route: admin/kelas]
in APPPATH\Views\dashboard_admin\kelas\v_index.php on line 31.
 1 APPPATH\Views\dashboard_admin\kelas\v_index.php(31): CodeIgniter\Debug\Exceptions->errorHandler(2, 'Undefined variable $value', 'D:\\laragon\\www\\learnhub\\app\\Views\\dashboard_admin\\kelas\\v_index.php', 31)
 2 SYSTEMPATH\View\View.php(226): include('D:\\laragon\\www\\learnhub\\app\\Views\\dashboard_admin\\kelas\\v_index.php')
 3 SYSTEMPATH\View\View.php(229): CodeIgniter\View\View->CodeIgniter\View\{closure}()
 4 SYSTEMPATH\Common.php(1167): CodeIgniter\View\View->render('dashboard_admin/kelas/v_index', [], true)
 5 APPPATH\Views\v_template_admin.php(179): view('dashboard_admin/kelas/v_index')
 6 SYSTEMPATH\View\View.php(226): include('D:\\laragon\\www\\learnhub\\app\\Views\\v_template_admin.php')
 7 SYSTEMPATH\View\View.php(229): CodeIgniter\View\View->CodeIgniter\View\{closure}()
 8 SYSTEMPATH\Common.php(1167): CodeIgniter\View\View->render('v_template_admin', [], true)
 9 APPPATH\Controllers\Admin\KelasController.php(30): view('v_template_admin', [...])
10 SYSTEMPATH\CodeIgniter.php(933): App\Controllers\Admin\KelasController->index()
11 SYSTEMPATH\CodeIgniter.php(507): CodeIgniter\CodeIgniter->runController(Object(App\Controllers\Admin\KelasController))
12 SYSTEMPATH\CodeIgniter.php(354): CodeIgniter\CodeIgniter->handleRequest(null, Object(Config\Cache), false)
13 SYSTEMPATH\Boot.php(363): CodeIgniter\CodeIgniter->run()
14 SYSTEMPATH\Boot.php(68): CodeIgniter\Boot::runCodeIgniter(Object(CodeIgniter\CodeIgniter))
15 FCPATH\index.php(59): CodeIgniter\Boot::bootWeb(Object(Config\Paths))
CRITICAL - 2025-11-29 03:19:17 --> ErrorException: Undefined variable $value
[Method: GET, Route: admin/kelas]
in APPPATH\Views\dashboard_admin\kelas\v_index.php on line 31.
 1 APPPATH\Views\dashboard_admin\kelas\v_index.php(31): CodeIgniter\Debug\Exceptions->errorHandler(2, 'Undefined variable $value', 'D:\\laragon\\www\\learnhub\\app\\Views\\dashboard_admin\\kelas\\v_index.php', 31)
 2 SYSTEMPATH\View\View.php(226): include('D:\\laragon\\www\\learnhub\\app\\Views\\dashboard_admin\\kelas\\v_index.php')
 3 SYSTEMPATH\View\View.php(229): CodeIgniter\View\View->CodeIgniter\View\{closure}()
 4 SYSTEMPATH\Common.php(1167): CodeIgniter\View\View->render('dashboard_admin/kelas/v_index', [], true)
 5 APPPATH\Views\v_template_admin.php(179): view('dashboard_admin/kelas/v_index')
 6 SYSTEMPATH\View\View.php(226): include('D:\\laragon\\www\\learnhub\\app\\Views\\v_template_admin.php')
 7 SYSTEMPATH\View\View.php(229): CodeIgniter\View\View->CodeIgniter\View\{closure}()
 8 SYSTEMPATH\Common.php(1167): CodeIgniter\View\View->render('v_template_admin', [], true)
 9 APPPATH\Controllers\Admin\KelasController.php(30): view('v_template_admin', [...])
10 SYSTEMPATH\CodeIgniter.php(933): App\Controllers\Admin\KelasController->index()
11 SYSTEMPATH\CodeIgniter.php(507): CodeIgniter\CodeIgniter->runController(Object(App\Controllers\Admin\KelasController))
12 SYSTEMPATH\CodeIgniter.php(354): CodeIgniter\CodeIgniter->handleRequest(null, Object(Config\Cache), false)
13 SYSTEMPATH\Boot.php(363): CodeIgniter\CodeIgniter->run()
14 SYSTEMPATH\Boot.php(68): CodeIgniter\Boot::runCodeIgniter(Object(CodeIgniter\CodeIgniter))
15 FCPATH\index.php(59): CodeIgniter\Boot::bootWeb(Object(Config\Paths))
CRITICAL - 2025-11-29 03:19:59 --> ErrorException: Undefined array key "id_kelas"
[Method: GET, Route: admin/kelas]
in APPPATH\Views\dashboard_admin\kelas\v_index.php on line 31.
 1 APPPATH\Views\dashboard_admin\kelas\v_index.php(31): CodeIgniter\Debug\Exceptions->errorHandler(2, 'Undefined array key "id_kelas"', 'D:\\laragon\\www\\learnhub\\app\\Views\\dashboard_admin\\kelas\\v_index.php', 31)
 2 SYSTEMPATH\View\View.php(226): include('D:\\laragon\\www\\learnhub\\app\\Views\\dashboard_admin\\kelas\\v_index.php')
 3 SYSTEMPATH\View\View.php(229): CodeIgniter\View\View->CodeIgniter\View\{closure}()
 4 SYSTEMPATH\Common.php(1167): CodeIgniter\View\View->render('dashboard_admin/kelas/v_index', [], true)
 5 APPPATH\Views\v_template_admin.php(179): view('dashboard_admin/kelas/v_index')
 6 SYSTEMPATH\View\View.php(226): include('D:\\laragon\\www\\learnhub\\app\\Views\\v_template_admin.php')
 7 SYSTEMPATH\View\View.php(229): CodeIgniter\View\View->CodeIgniter\View\{closure}()
 8 SYSTEMPATH\Common.php(1167): CodeIgniter\View\View->render('v_template_admin', [], true)
 9 APPPATH\Controllers\Admin\KelasController.php(30): view('v_template_admin', [...])
10 SYSTEMPATH\CodeIgniter.php(933): App\Controllers\Admin\KelasController->index()
11 SYSTEMPATH\CodeIgniter.php(507): CodeIgniter\CodeIgniter->runController(Object(App\Controllers\Admin\KelasController))
12 SYSTEMPATH\CodeIgniter.php(354): CodeIgniter\CodeIgniter->handleRequest(null, Object(Config\Cache), false)
13 SYSTEMPATH\Boot.php(363): CodeIgniter\CodeIgniter->run()
14 SYSTEMPATH\Boot.php(68): CodeIgniter\Boot::runCodeIgniter(Object(CodeIgniter\CodeIgniter))
15 FCPATH\index.php(59): CodeIgniter\Boot::bootWeb(Object(Config\Paths))
CRITICAL - 2025-11-29 03:29:56 --> ErrorException: Undefined array key "nama_kelas"
[Method: GET, Route: admin/kelas/edit/5]
in APPPATH\Views\dashboard_admin\kelas\v_edit.php on line 19.
 1 APPPATH\Views\dashboard_admin\kelas\v_edit.php(19): CodeIgniter\Debug\Exceptions->errorHandler(2, 'Undefined array key "nama_kelas"', 'D:\\laragon\\www\\learnhub\\app\\Views\\dashboard_admin\\kelas\\v_edit.php', 19)
 2 SYSTEMPATH\View\View.php(226): include('D:\\laragon\\www\\learnhub\\app\\Views\\dashboard_admin\\kelas\\v_edit.php')
 3 SYSTEMPATH\View\View.php(229): CodeIgniter\View\View->CodeIgniter\View\{closure}()
 4 SYSTEMPATH\Common.php(1167): CodeIgniter\View\View->render('dashboard_admin/kelas/v_edit', [], true)
 5 APPPATH\Views\v_template_admin.php(179): view('dashboard_admin/kelas/v_edit')
 6 SYSTEMPATH\View\View.php(226): include('D:\\laragon\\www\\learnhub\\app\\Views\\v_template_admin.php')
 7 SYSTEMPATH\View\View.php(229): CodeIgniter\View\View->CodeIgniter\View\{closure}()
 8 SYSTEMPATH\Common.php(1167): CodeIgniter\View\View->render('v_template_admin', [], true)
 9 APPPATH\Controllers\Admin\KelasController.php(72): view('v_template_admin', [...])
10 SYSTEMPATH\CodeIgniter.php(933): App\Controllers\Admin\KelasController->edit('5')
11 SYSTEMPATH\CodeIgniter.php(507): CodeIgniter\CodeIgniter->runController(Object(App\Controllers\Admin\KelasController))
12 SYSTEMPATH\CodeIgniter.php(354): CodeIgniter\CodeIgniter->handleRequest(null, Object(Config\Cache), false)
13 SYSTEMPATH\Boot.php(363): CodeIgniter\CodeIgniter->run()
14 SYSTEMPATH\Boot.php(68): CodeIgniter\Boot::runCodeIgniter(Object(CodeIgniter\CodeIgniter))
15 FCPATH\index.php(59): CodeIgniter\Boot::bootWeb(Object(Config\Paths))
CRITICAL - 2025-11-29 03:31:13 --> ErrorException: Undefined array key "nama_kelas"
[Method: GET, Route: admin/kelas/edit/5]
in APPPATH\Views\dashboard_admin\kelas\v_edit.php on line 19.
 1 APPPATH\Views\dashboard_admin\kelas\v_edit.php(19): CodeIgniter\Debug\Exceptions->errorHandler(2, 'Undefined array key "nama_kelas"', 'D:\\laragon\\www\\learnhub\\app\\Views\\dashboard_admin\\kelas\\v_edit.php', 19)
 2 SYSTEMPATH\View\View.php(226): include('D:\\laragon\\www\\learnhub\\app\\Views\\dashboard_admin\\kelas\\v_edit.php')
 3 SYSTEMPATH\View\View.php(229): CodeIgniter\View\View->CodeIgniter\View\{closure}()
 4 SYSTEMPATH\Common.php(1167): CodeIgniter\View\View->render('dashboard_admin/kelas/v_edit', [], true)
 5 APPPATH\Views\v_template_admin.php(179): view('dashboard_admin/kelas/v_edit')
 6 SYSTEMPATH\View\View.php(226): include('D:\\laragon\\www\\learnhub\\app\\Views\\v_template_admin.php')
 7 SYSTEMPATH\View\View.php(229): CodeIgniter\View\View->CodeIgniter\View\{closure}()
 8 SYSTEMPATH\Common.php(1167): CodeIgniter\View\View->render('v_template_admin', [], true)
 9 APPPATH\Controllers\Admin\KelasController.php(72): view('v_template_admin', [...])
10 SYSTEMPATH\CodeIgniter.php(933): App\Controllers\Admin\KelasController->edit('5')
11 SYSTEMPATH\CodeIgniter.php(507): CodeIgniter\CodeIgniter->runController(Object(App\Controllers\Admin\KelasController))
12 SYSTEMPATH\CodeIgniter.php(354): CodeIgniter\CodeIgniter->handleRequest(null, Object(Config\Cache), false)
13 SYSTEMPATH\Boot.php(363): CodeIgniter\CodeIgniter->run()
14 SYSTEMPATH\Boot.php(68): CodeIgniter\Boot::runCodeIgniter(Object(CodeIgniter\CodeIgniter))
15 FCPATH\index.php(59): CodeIgniter\Boot::bootWeb(Object(Config\Paths))
CRITICAL - 2025-11-29 03:31:15 --> ErrorException: Undefined array key "nama_kelas"
[Method: GET, Route: admin/kelas/edit/5]
in APPPATH\Views\dashboard_admin\kelas\v_edit.php on line 19.
 1 APPPATH\Views\dashboard_admin\kelas\v_edit.php(19): CodeIgniter\Debug\Exceptions->errorHandler(2, 'Undefined array key "nama_kelas"', 'D:\\laragon\\www\\learnhub\\app\\Views\\dashboard_admin\\kelas\\v_edit.php', 19)
 2 SYSTEMPATH\View\View.php(226): include('D:\\laragon\\www\\learnhub\\app\\Views\\dashboard_admin\\kelas\\v_edit.php')
 3 SYSTEMPATH\View\View.php(229): CodeIgniter\View\View->CodeIgniter\View\{closure}()
 4 SYSTEMPATH\Common.php(1167): CodeIgniter\View\View->render('dashboard_admin/kelas/v_edit', [], true)
 5 APPPATH\Views\v_template_admin.php(179): view('dashboard_admin/kelas/v_edit')
 6 SYSTEMPATH\View\View.php(226): include('D:\\laragon\\www\\learnhub\\app\\Views\\v_template_admin.php')
 7 SYSTEMPATH\View\View.php(229): CodeIgniter\View\View->CodeIgniter\View\{closure}()
 8 SYSTEMPATH\Common.php(1167): CodeIgniter\View\View->render('v_template_admin', [], true)
 9 APPPATH\Controllers\Admin\KelasController.php(72): view('v_template_admin', [...])
10 SYSTEMPATH\CodeIgniter.php(933): App\Controllers\Admin\KelasController->edit('5')
11 SYSTEMPATH\CodeIgniter.php(507): CodeIgniter\CodeIgniter->runController(Object(App\Controllers\Admin\KelasController))
12 SYSTEMPATH\CodeIgniter.php(354): CodeIgniter\CodeIgniter->handleRequest(null, Object(Config\Cache), false)
13 SYSTEMPATH\Boot.php(363): CodeIgniter\CodeIgniter->run()
14 SYSTEMPATH\Boot.php(68): CodeIgniter\Boot::runCodeIgniter(Object(CodeIgniter\CodeIgniter))
15 FCPATH\index.php(59): CodeIgniter\Boot::bootWeb(Object(Config\Paths))
CRITICAL - 2025-11-29 13:00:45 --> ErrorException: Undefined array key "nama_kelas"
[Method: GET, Route: admin/kelas/edit/5]
in APPPATH\Views\dashboard_admin\kelas\v_edit.php on line 19.
 1 APPPATH\Views\dashboard_admin\kelas\v_edit.php(19): CodeIgniter\Debug\Exceptions->errorHandler(2, 'Undefined array key "nama_kelas"', 'D:\\laragon\\www\\learnhub\\app\\Views\\dashboard_admin\\kelas\\v_edit.php', 19)
 2 SYSTEMPATH\View\View.php(226): include('D:\\laragon\\www\\learnhub\\app\\Views\\dashboard_admin\\kelas\\v_edit.php')
 3 SYSTEMPATH\View\View.php(229): CodeIgniter\View\View->CodeIgniter\View\{closure}()
 4 SYSTEMPATH\Common.php(1167): CodeIgniter\View\View->render('dashboard_admin/kelas/v_edit', [], true)
 5 APPPATH\Views\v_template_admin.php(179): view('dashboard_admin/kelas/v_edit')
 6 SYSTEMPATH\View\View.php(226): include('D:\\laragon\\www\\learnhub\\app\\Views\\v_template_admin.php')
 7 SYSTEMPATH\View\View.php(229): CodeIgniter\View\View->CodeIgniter\View\{closure}()
 8 SYSTEMPATH\Common.php(1167): CodeIgniter\View\View->render('v_template_admin', [], true)
 9 APPPATH\Controllers\Admin\KelasController.php(72): view('v_template_admin', [...])
10 SYSTEMPATH\CodeIgniter.php(933): App\Controllers\Admin\KelasController->edit('5')
11 SYSTEMPATH\CodeIgniter.php(507): CodeIgniter\CodeIgniter->runController(Object(App\Controllers\Admin\KelasController))
12 SYSTEMPATH\CodeIgniter.php(354): CodeIgniter\CodeIgniter->handleRequest(null, Object(Config\Cache), false)
13 SYSTEMPATH\Boot.php(363): CodeIgniter\CodeIgniter->run()
14 SYSTEMPATH\Boot.php(68): CodeIgniter\Boot::runCodeIgniter(Object(CodeIgniter\CodeIgniter))
15 FCPATH\index.php(59): CodeIgniter\Boot::bootWeb(Object(Config\Paths))
CRITICAL - 2025-11-29 13:20:54 --> CodeIgniter\Database\Exceptions\DataException: There is no data to update.
[Method: POST, Route: admin/kelas/update/6]
in SYSTEMPATH\BaseModel.php on line 1823.
 1 SYSTEMPATH\BaseModel.php(1823): CodeIgniter\Database\Exceptions\DataException::forEmptyDataset('update')
 2 SYSTEMPATH\BaseModel.php(994): CodeIgniter\BaseModel->transformDataToArray(null, 'update')
 3 SYSTEMPATH\Model.php(860): CodeIgniter\BaseModel->update([...], null)
 4 APPPATH\Controllers\Admin\KelasController.php(83): CodeIgniter\Model->update('6')
 5 SYSTEMPATH\CodeIgniter.php(933): App\Controllers\Admin\KelasController->UpdateData('6')
 6 SYSTEMPATH\CodeIgniter.php(507): CodeIgniter\CodeIgniter->runController(Object(App\Controllers\Admin\KelasController))
 7 SYSTEMPATH\CodeIgniter.php(354): CodeIgniter\CodeIgniter->handleRequest(null, Object(Config\Cache), false)
 8 SYSTEMPATH\Boot.php(363): CodeIgniter\CodeIgniter->run()
 9 SYSTEMPATH\Boot.php(68): CodeIgniter\Boot::runCodeIgniter(Object(CodeIgniter\CodeIgniter))
10 FCPATH\index.php(59): CodeIgniter\Boot::bootWeb(Object(Config\Paths))
CRITICAL - 2025-11-29 13:22:01 --> CodeIgniter\Database\Exceptions\DataException: There is no data to update.
[Method: POST, Route: admin/kelas/update/5]
in SYSTEMPATH\BaseModel.php on line 1823.
 1 SYSTEMPATH\BaseModel.php(1823): CodeIgniter\Database\Exceptions\DataException::forEmptyDataset('update')
 2 SYSTEMPATH\BaseModel.php(994): CodeIgniter\BaseModel->transformDataToArray(null, 'update')
 3 SYSTEMPATH\Model.php(860): CodeIgniter\BaseModel->update([...], null)
 4 APPPATH\Controllers\Admin\KelasController.php(83): CodeIgniter\Model->update('5')
 5 SYSTEMPATH\CodeIgniter.php(933): App\Controllers\Admin\KelasController->UpdateData('5')
 6 SYSTEMPATH\CodeIgniter.php(507): CodeIgniter\CodeIgniter->runController(Object(App\Controllers\Admin\KelasController))
 7 SYSTEMPATH\CodeIgniter.php(354): CodeIgniter\CodeIgniter->handleRequest(null, Object(Config\Cache), false)
 8 SYSTEMPATH\Boot.php(363): CodeIgniter\CodeIgniter->run()
 9 SYSTEMPATH\Boot.php(68): CodeIgniter\Boot::runCodeIgniter(Object(CodeIgniter\CodeIgniter))
10 FCPATH\index.php(59): CodeIgniter\Boot::bootWeb(Object(Config\Paths))
ERROR - 2025-11-29 13:48:53 --> mysqli_sql_exception: Column 'foto' cannot be null in D:\laragon\www\learnhub\system\Database\MySQLi\Connection.php:327
Stack trace:
#0 D:\laragon\www\learnhub\system\Database\MySQLi\Connection.php(327): mysqli->query('INSERT INTO `tb...', 0)
#1 D:\laragon\www\learnhub\system\Database\BaseConnection.php(729): CodeIgniter\Database\MySQLi\Connection->execute('INSERT INTO `tb...')
#2 D:\laragon\www\learnhub\system\Database\BaseConnection.php(646): CodeIgniter\Database\BaseConnection->simpleQuery('INSERT INTO `tb...')
#3 D:\laragon\www\learnhub\system\Database\BaseBuilder.php(2345): CodeIgniter\Database\BaseConnection->query('INSERT INTO `tb...', Array, false)
#4 D:\laragon\www\learnhub\system\Model.php(394): CodeIgniter\Database\BaseBuilder->insert()
#5 D:\laragon\www\learnhub\system\BaseModel.php(838): CodeIgniter\Model->doInsert(Array)
#6 D:\laragon\www\learnhub\system\Model.php(797): CodeIgniter\BaseModel->insert(Array, true)
#7 D:\laragon\www\learnhub\app\Controllers\Admin\UserController.php(59): CodeIgniter\Model->insert(Array)
#8 D:\laragon\www\learnhub\system\CodeIgniter.php(933): App\Controllers\Admin\UserController->InsertData()
#9 D:\laragon\www\learnhub\system\CodeIgniter.php(507): CodeIgniter\CodeIgniter->runController(Object(App\Controllers\Admin\UserController))
#10 D:\laragon\www\learnhub\system\CodeIgniter.php(354): CodeIgniter\CodeIgniter->handleRequest(NULL, Object(Config\Cache), false)
#11 D:\laragon\www\learnhub\system\Boot.php(363): CodeIgniter\CodeIgniter->run()
#12 D:\laragon\www\learnhub\system\Boot.php(68): CodeIgniter\Boot::runCodeIgniter(Object(CodeIgniter\CodeIgniter))
#13 D:\laragon\www\learnhub\public\index.php(59): CodeIgniter\Boot::bootWeb(Object(Config\Paths))
#14 {main}
CRITICAL - 2025-11-29 13:48:53 --> CodeIgniter\Database\Exceptions\DatabaseException: Column 'foto' cannot be null
[Method: POST, Route: admin/user/insertdata]
in SYSTEMPATH\Database\BaseConnection.php on line 684.
 1 SYSTEMPATH\Database\BaseBuilder.php(2345): CodeIgniter\Database\BaseConnection->query('INSERT INTO `tb_admin` (`nama_admin`, `email`, `password`, `alamat`, `no_hp`, `jenis_kelamin`, `foto`) VALUES (:nama_admin:, :email:, :password:, :alamat:, :no_hp:, :jenis_kelamin:, :foto:)', [...], false)
 2 SYSTEMPATH\Model.php(394): CodeIgniter\Database\BaseBuilder->insert()
 3 SYSTEMPATH\BaseModel.php(838): CodeIgniter\Model->doInsert([...])
 4 SYSTEMPATH\Model.php(797): CodeIgniter\BaseModel->insert([...], true)
 5 APPPATH\Controllers\Admin\UserController.php(59): CodeIgniter\Model->insert([...])
 6 SYSTEMPATH\CodeIgniter.php(933): App\Controllers\Admin\UserController->InsertData()
 7 SYSTEMPATH\CodeIgniter.php(507): CodeIgniter\CodeIgniter->runController(Object(App\Controllers\Admin\UserController))
 8 SYSTEMPATH\CodeIgniter.php(354): CodeIgniter\CodeIgniter->handleRequest(null, Object(Config\Cache), false)
 9 SYSTEMPATH\Boot.php(363): CodeIgniter\CodeIgniter->run()
10 SYSTEMPATH\Boot.php(68): CodeIgniter\Boot::runCodeIgniter(Object(CodeIgniter\CodeIgniter))
11 FCPATH\index.php(59): CodeIgniter\Boot::bootWeb(Object(Config\Paths))
CRITICAL - 2025-11-29 13:48:53 --> [Caused by] CodeIgniter\Database\Exceptions\DatabaseException: Column 'foto' cannot be null
in SYSTEMPATH\Database\MySQLi\Connection.php on line 332.
 1 SYSTEMPATH\Database\BaseConnection.php(729): CodeIgniter\Database\MySQLi\Connection->execute('INSERT INTO `tb_admin` (`nama_admin`, `email`, `password`, `alamat`, `no_hp`, `jenis_kelamin`, `foto`) VALUES (\'cineee\', \'sabig1984@gmail.com\', \'$2y$10$LSLutFOpegmUFHfctwI3U.DZft8wJPdamIDwErel6D2tGQpDgFF/O\', \'wuhan\', \'325424323424\', \'Laki-laki\', NULL)')
 2 SYSTEMPATH\Database\BaseConnection.php(646): CodeIgniter\Database\BaseConnection->simpleQuery('INSERT INTO `tb_admin` (`nama_admin`, `email`, `password`, `alamat`, `no_hp`, `jenis_kelamin`, `foto`) VALUES (\'cineee\', \'sabig1984@gmail.com\', \'$2y$10$LSLutFOpegmUFHfctwI3U.DZft8wJPdamIDwErel6D2tGQpDgFF/O\', \'wuhan\', \'325424323424\', \'Laki-laki\', NULL)')
 3 SYSTEMPATH\Database\BaseBuilder.php(2345): CodeIgniter\Database\BaseConnection->query('INSERT INTO `tb_admin` (`nama_admin`, `email`, `password`, `alamat`, `no_hp`, `jenis_kelamin`, `foto`) VALUES (:nama_admin:, :email:, :password:, :alamat:, :no_hp:, :jenis_kelamin:, :foto:)', [...], false)
 4 SYSTEMPATH\Model.php(394): CodeIgniter\Database\BaseBuilder->insert()
 5 SYSTEMPATH\BaseModel.php(838): CodeIgniter\Model->doInsert([...])
 6 SYSTEMPATH\Model.php(797): CodeIgniter\BaseModel->insert([...], true)
 7 APPPATH\Controllers\Admin\UserController.php(59): CodeIgniter\Model->insert([...])
 8 SYSTEMPATH\CodeIgniter.php(933): App\Controllers\Admin\UserController->InsertData()
 9 SYSTEMPATH\CodeIgniter.php(507): CodeIgniter\CodeIgniter->runController(Object(App\Controllers\Admin\UserController))
10 SYSTEMPATH\CodeIgniter.php(354): CodeIgniter\CodeIgniter->handleRequest(null, Object(Config\Cache), false)
11 SYSTEMPATH\Boot.php(363): CodeIgniter\CodeIgniter->run()
12 SYSTEMPATH\Boot.php(68): CodeIgniter\Boot::runCodeIgniter(Object(CodeIgniter\CodeIgniter))
13 FCPATH\index.php(59): CodeIgniter\Boot::bootWeb(Object(Config\Paths))
CRITICAL - 2025-11-29 13:48:53 --> [Caused by] mysqli_sql_exception: Column 'foto' cannot be null
in SYSTEMPATH\Database\MySQLi\Connection.php on line 327.
 1 SYSTEMPATH\Database\MySQLi\Connection.php(327): mysqli->query('INSERT INTO `tb_admin` (`nama_admin`, `email`, `password`, `alamat`, `no_hp`, `jenis_kelamin`, `foto`) VALUES (\'cineee\', \'sabig1984@gmail.com\', \'$2y$10$LSLutFOpegmUFHfctwI3U.DZft8wJPdamIDwErel6D2tGQpDgFF/O\', \'wuhan\', \'325424323424\', \'Laki-laki\', NULL)', 0)
 2 SYSTEMPATH\Database\BaseConnection.php(729): CodeIgniter\Database\MySQLi\Connection->execute('INSERT INTO `tb_admin` (`nama_admin`, `email`, `password`, `alamat`, `no_hp`, `jenis_kelamin`, `foto`) VALUES (\'cineee\', \'sabig1984@gmail.com\', \'$2y$10$LSLutFOpegmUFHfctwI3U.DZft8wJPdamIDwErel6D2tGQpDgFF/O\', \'wuhan\', \'325424323424\', \'Laki-laki\', NULL)')
 3 SYSTEMPATH\Database\BaseConnection.php(646): CodeIgniter\Database\BaseConnection->simpleQuery('INSERT INTO `tb_admin` (`nama_admin`, `email`, `password`, `alamat`, `no_hp`, `jenis_kelamin`, `foto`) VALUES (\'cineee\', \'sabig1984@gmail.com\', \'$2y$10$LSLutFOpegmUFHfctwI3U.DZft8wJPdamIDwErel6D2tGQpDgFF/O\', \'wuhan\', \'325424323424\', \'Laki-laki\', NULL)')
 4 SYSTEMPATH\Database\BaseBuilder.php(2345): CodeIgniter\Database\BaseConnection->query('INSERT INTO `tb_admin` (`nama_admin`, `email`, `password`, `alamat`, `no_hp`, `jenis_kelamin`, `foto`) VALUES (:nama_admin:, :email:, :password:, :alamat:, :no_hp:, :jenis_kelamin:, :foto:)', [...], false)
 5 SYSTEMPATH\Model.php(394): CodeIgniter\Database\BaseBuilder->insert()
 6 SYSTEMPATH\BaseModel.php(838): CodeIgniter\Model->doInsert([...])
 7 SYSTEMPATH\Model.php(797): CodeIgniter\BaseModel->insert([...], true)
 8 APPPATH\Controllers\Admin\UserController.php(59): CodeIgniter\Model->insert([...])
 9 SYSTEMPATH\CodeIgniter.php(933): App\Controllers\Admin\UserController->InsertData()
10 SYSTEMPATH\CodeIgniter.php(507): CodeIgniter\CodeIgniter->runController(Object(App\Controllers\Admin\UserController))
11 SYSTEMPATH\CodeIgniter.php(354): CodeIgniter\CodeIgniter->handleRequest(null, Object(Config\Cache), false)
12 SYSTEMPATH\Boot.php(363): CodeIgniter\CodeIgniter->run()
13 SYSTEMPATH\Boot.php(68): CodeIgniter\Boot::runCodeIgniter(Object(CodeIgniter\CodeIgniter))
14 FCPATH\index.php(59): CodeIgniter\Boot::bootWeb(Object(Config\Paths))
CRITICAL - 2025-11-29 13:56:43 --> ErrorException: finfo_file(C:\Users\MyBook Hype AMD\AppData\Local\Temp\phpF868.tmp): Failed to open stream: No such file or directory
[Method: POST, Route: admin/user/insertdata]
in SYSTEMPATH\Files\File.php on line 137.
 1 [internal function]: CodeIgniter\Debug\Exceptions->errorHandler(2, 'finfo_file(C:\\Users\\MyBook Hype AMD\\AppData\\Local\\Temp\\phpF868.tmp): Failed to open stream: No such file or directory', 'D:\\laragon\\www\\learnhub\\system\\Files\\File.php', 137)
 2 SYSTEMPATH\Files\File.php(137): finfo_file(Object(finfo), 'C:\\Users\\MyBook Hype AMD\\AppData\\Local\\Temp\\phpF868.tmp')
 3 SYSTEMPATH\HTTP\Files\UploadedFile.php(318): CodeIgniter\Files\File->getMimeType()
 4 SYSTEMPATH\HTTP\Files\UploadedFile.php(305): CodeIgniter\HTTP\Files\UploadedFile->guessExtension()
 5 SYSTEMPATH\Validation\StrictRules\FileRules.php(148): CodeIgniter\HTTP\Files\UploadedFile->getExtension()
 6 SYSTEMPATH\Validation\Validation.php(336): CodeIgniter\Validation\StrictRules\FileRules->is_image('1764424603_e0e57ca3fbc97f99c7a0.png', [], [...], null, 'foto')
 7 SYSTEMPATH\Validation\Validation.php(201): CodeIgniter\Validation\Validation->processRules('foto', 'foto', '1764424603_e0e57ca3fbc97f99c7a0.png', [...], [...], 'foto')
 8 SYSTEMPATH\BaseModel.php(1570): CodeIgniter\Validation\Validation->run([...], null, null)
 9 SYSTEMPATH\BaseModel.php(807): CodeIgniter\BaseModel->validate([...])
10 SYSTEMPATH\Model.php(797): CodeIgniter\BaseModel->insert([...], true)
11 APPPATH\Controllers\Admin\UserController.php(59): CodeIgniter\Model->insert([...])
12 SYSTEMPATH\CodeIgniter.php(933): App\Controllers\Admin\UserController->InsertData()
13 SYSTEMPATH\CodeIgniter.php(507): CodeIgniter\CodeIgniter->runController(Object(App\Controllers\Admin\UserController))
14 SYSTEMPATH\CodeIgniter.php(354): CodeIgniter\CodeIgniter->handleRequest(null, Object(Config\Cache), false)
15 SYSTEMPATH\Boot.php(363): CodeIgniter\CodeIgniter->run()
16 SYSTEMPATH\Boot.php(68): CodeIgniter\Boot::runCodeIgniter(Object(CodeIgniter\CodeIgniter))
17 FCPATH\index.php(59): CodeIgniter\Boot::bootWeb(Object(Config\Paths))
CRITICAL - 2025-11-29 13:57:09 --> ErrorException: finfo_file(C:\Users\MyBook Hype AMD\AppData\Local\Temp\php6106.tmp): Failed to open stream: No such file or directory
[Method: POST, Route: admin/user/insertdata]
in SYSTEMPATH\Files\File.php on line 137.
 1 [internal function]: CodeIgniter\Debug\Exceptions->errorHandler(2, 'finfo_file(C:\\Users\\MyBook Hype AMD\\AppData\\Local\\Temp\\php6106.tmp): Failed to open stream: No such file or directory', 'D:\\laragon\\www\\learnhub\\system\\Files\\File.php', 137)
 2 SYSTEMPATH\Files\File.php(137): finfo_file(Object(finfo), 'C:\\Users\\MyBook Hype AMD\\AppData\\Local\\Temp\\php6106.tmp')
 3 SYSTEMPATH\HTTP\Files\UploadedFile.php(318): CodeIgniter\Files\File->getMimeType()
 4 SYSTEMPATH\HTTP\Files\UploadedFile.php(305): CodeIgniter\HTTP\Files\UploadedFile->guessExtension()
 5 SYSTEMPATH\Validation\StrictRules\FileRules.php(148): CodeIgniter\HTTP\Files\UploadedFile->getExtension()
 6 SYSTEMPATH\Validation\Validation.php(336): CodeIgniter\Validation\StrictRules\FileRules->is_image('1764424629_015530cc97570a7e2b5e.png', [], [...], null, 'foto')
 7 SYSTEMPATH\Validation\Validation.php(201): CodeIgniter\Validation\Validation->processRules('foto', 'foto', '1764424629_015530cc97570a7e2b5e.png', [...], [...], 'foto')
 8 SYSTEMPATH\BaseModel.php(1570): CodeIgniter\Validation\Validation->run([...], null, null)
 9 SYSTEMPATH\BaseModel.php(807): CodeIgniter\BaseModel->validate([...])
10 SYSTEMPATH\Model.php(797): CodeIgniter\BaseModel->insert([...], true)
11 APPPATH\Controllers\Admin\UserController.php(59): CodeIgniter\Model->insert([...])
12 SYSTEMPATH\CodeIgniter.php(933): App\Controllers\Admin\UserController->InsertData()
13 SYSTEMPATH\CodeIgniter.php(507): CodeIgniter\CodeIgniter->runController(Object(App\Controllers\Admin\UserController))
14 SYSTEMPATH\CodeIgniter.php(354): CodeIgniter\CodeIgniter->handleRequest(null, Object(Config\Cache), false)
15 SYSTEMPATH\Boot.php(363): CodeIgniter\CodeIgniter->run()
16 SYSTEMPATH\Boot.php(68): CodeIgniter\Boot::runCodeIgniter(Object(CodeIgniter\CodeIgniter))
17 FCPATH\index.php(59): CodeIgniter\Boot::bootWeb(Object(Config\Paths))
