CRITICAL - 2025-12-03 03:42:05 --> ErrorException: Undefined array key "id_admin"
[Method: GET, Route: admin/user/edit/2]
in APPPATH\Views\dashboard_admin\user\v_edit.php on line 13.
 1 APPPATH\Views\dashboard_admin\user\v_edit.php(13): CodeIgniter\Debug\Exceptions->errorHandler(2, 'Undefined array key "id_admin"', 'D:\\laragon\\www\\learnhub\\app\\Views\\dashboard_admin\\user\\v_edit.php', 13)
 2 SYSTEMPATH\View\View.php(226): include('D:\\laragon\\www\\learnhub\\app\\Views\\dashboard_admin\\user\\v_edit.php')
 3 SYSTEMPATH\View\View.php(229): CodeIgniter\View\View->CodeIgniter\View\{closure}()
 4 SYSTEMPATH\Common.php(1167): CodeIgniter\View\View->render('dashboard_admin/user/v_edit', [], true)
 5 APPPATH\Views\v_template_admin.php(179): view('dashboard_admin/user/v_edit')
 6 SYSTEMPATH\View\View.php(226): include('D:\\laragon\\www\\learnhub\\app\\Views\\v_template_admin.php')
 7 SYSTEMPATH\View\View.php(229): CodeIgniter\View\View->CodeIgniter\View\{closure}()
 8 SYSTEMPATH\Common.php(1167): CodeIgniter\View\View->render('v_template_admin', [], true)
 9 APPPATH\Controllers\Admin\UserController.php(94): view('v_template_admin', [...])
10 SYSTEMPATH\CodeIgniter.php(933): App\Controllers\Admin\UserController->edit('2')
11 SYSTEMPATH\CodeIgniter.php(507): CodeIgniter\CodeIgniter->runController(Object(App\Controllers\Admin\UserController))
12 SYSTEMPATH\CodeIgniter.php(354): CodeIgniter\CodeIgniter->handleRequest(null, Object(Config\Cache), false)
13 SYSTEMPATH\Boot.php(363): CodeIgniter\CodeIgniter->run()
14 SYSTEMPATH\Boot.php(68): CodeIgniter\Boot::runCodeIgniter(Object(CodeIgniter\CodeIgniter))
15 FCPATH\index.php(59): CodeIgniter\Boot::bootWeb(Object(Config\Paths))
CRITICAL - 2025-12-03 15:46:16 --> ErrorException: Undefined variable $guru
[Method: GET, Route: admin/guru/detail/6]
in APPPATH\Views\dashboard_admin\guru\v_detail.php on line 12.
 1 APPPATH\Views\dashboard_admin\guru\v_detail.php(12): CodeIgniter\Debug\Exceptions->errorHandler(2, 'Undefined variable $guru', 'D:\\laragon\\www\\learnhub\\app\\Views\\dashboard_admin\\guru\\v_detail.php', 12)
 2 SYSTEMPATH\View\View.php(226): include('D:\\laragon\\www\\learnhub\\app\\Views\\dashboard_admin\\guru\\v_detail.php')
 3 SYSTEMPATH\View\View.php(229): CodeIgniter\View\View->CodeIgniter\View\{closure}()
 4 SYSTEMPATH\Common.php(1167): CodeIgniter\View\View->render('dashboard_admin/guru/v_detail', [], true)
 5 APPPATH\Views\v_template_admin.php(179): view('dashboard_admin/guru/v_detail')
 6 SYSTEMPATH\View\View.php(226): include('D:\\laragon\\www\\learnhub\\app\\Views\\v_template_admin.php')
 7 SYSTEMPATH\View\View.php(229): CodeIgniter\View\View->CodeIgniter\View\{closure}()
 8 SYSTEMPATH\Common.php(1167): CodeIgniter\View\View->render('v_template_admin', [], true)
 9 APPPATH\Controllers\Admin\GuruController.php(218): view('v_template_admin', [...])
10 SYSTEMPATH\CodeIgniter.php(933): App\Controllers\Admin\GuruController->DetailData('6')
11 SYSTEMPATH\CodeIgniter.php(507): CodeIgniter\CodeIgniter->runController(Object(App\Controllers\Admin\GuruController))
12 SYSTEMPATH\CodeIgniter.php(354): CodeIgniter\CodeIgniter->handleRequest(null, Object(Config\Cache), false)
13 SYSTEMPATH\Boot.php(363): CodeIgniter\CodeIgniter->run()
14 SYSTEMPATH\Boot.php(68): CodeIgniter\Boot::runCodeIgniter(Object(CodeIgniter\CodeIgniter))
15 FCPATH\index.php(59): CodeIgniter\Boot::bootWeb(Object(Config\Paths))
